<?xml version="1.0" encoding="UTF-8" standalone="yes"?>
<resultatValidacio>
    <informacioCertificat>
        <altresValors/>
        <certificatQualificat>true</certificatQualificat>
        <classificacio>9</classificacio>
        <classificacioEidas>WSA</classificacioEidas>
        <creatAmbUnDispositiuSegur>false</creatAmbUnDispositiuSegur>
        <emissorID>CN=ESFIRMA AC AAPP 2,serialNumber=A50878842,OU=AUTORIDAD DE CERTIFICACION ESFIRMA - AAPP,O=ESPUBLICO SERVICIOS PARA LA ADMINISTRACION SA,L=ZARAGOZA,C=ES</emissorID>
        <emissorOrganitzacio>ESPUBLICO SERVICIOS PARA LA ADMINISTRACION SA</emissorOrganitzacio>
        <entitatSubscriptoraNif>P0200001F</entitatSubscriptoraNif>
        <entitatSubscriptoraNom>PRUEBAS</entitatSubscriptoraNom>
        <nomDomini>good.testing.esfirma.com</nomDomini>
        <numeroSerie>8441023531877025587</numeroSerie>
        <oiEuropeu>VATES-P0200001F</oiEuropeu>
        <organitzacio>PRUEBAS</organitzacio>
        <pais>ES</pais>
        <politica>2.16.724.1.3.5.5.2,0.4.0.194112.1.4,1.3.6.1.4.1.47281.1.4.2,2.23.140.1.1</politica>
        <politicaID>MITyC</politicaID>
        <politicaVersio>23</politicaVersio>
        <subject>CN=good.testing.esfirma.com,2.5.4.97=#130F56415445532D503032303030303146,1.3.6.1.4.1.311.60.2.1.3=#13024553,businessCategory=Government Entity,serialNumber=P0200001F,OU=PUNTO DE ACCESO GENERAL DE PRUEBAS,OU=SEDE ELECTRONICA,O=PRUEBAS,L=ZARAGOZA,C=ES</subject>
        <tipusCertificat>ESFIRMA 2 Sede Electr√≥nica</tipusCertificat>
        <usCertificat>digitalSignature | keyEncipherment</usCertificat>
        <usCertificatExtensio>KeyPurposeId 0:  TLS Web server authentication</usCertificatExtensio>
        <validDesDe>2017-11-03T12:01:48+01:00</validDesDe>
        <validFins>2019-11-03T12:01:48+01:00</validFins>
    </informacioCertificat>
    <resultatValidacioCodi>0</resultatValidacioCodi>
    <resultatValidacioDescripcio>Validacion Satisfactoria</resultatValidacioDescripcio>
</resultatValidacio>
