<?xml version="1.0" encoding="UTF-8" standalone="yes"?>
<resultatValidacio>
    <informacioCertificat>
        <altresValors/>
        <certificatQualificat>true</certificatQualificat>
        <classificacio>8</classificacio>
        <classificacioEidas>ESEAL</classificacioEidas>
        <creatAmbUnDispositiuSegur>false</creatAmbUnDispositiuSegur>
        <denominacioSistemaComponent>PLATAFORMA GESTIONA PARA AYUNTAMIENTO DE PRUEBAS</denominacioSistemaComponent>
        <email>info_sello@pruebas.esfirma.com</email>
        <emissorID>CN=ESFIRMA AC AAPP 2,serialNumber=A50878842,OU=AUTORIDAD DE CERTIFICACION ESFIRMA - AAPP,O=ESPUBLICO SERVICIOS PARA LA ADMINISTRACION SA,L=ZARAGOZA,C=ES</emissorID>
        <emissorOrganitzacio>ESPUBLICO SERVICIOS PARA LA ADMINISTRACION SA</emissorOrganitzacio>
        <entitatSubscriptoraNif>P0200001F</entitatSubscriptoraNif>
        <entitatSubscriptoraNom>PRUEBAS</entitatSubscriptoraNom>
        <numeroSerie>6884336482411502060</numeroSerie>
        <oiEuropeu>VATES-P0200001F</oiEuropeu>
        <organitzacio>PRUEBAS</organitzacio>
        <pais>ES</pais>
        <politica>2.16.724.1.3.5.6.2,0.4.0.194112.1.1,1.3.6.1.4.1.47281.1.2.2</politica>
        <politicaID>MITyC</politicaID>
        <politicaVersio>23</politicaVersio>
        <subject>CN=PLATAFORMA GESTIONA PARA AYUNTAMIENTO DE PRUEBAS,2.5.4.97=#130F56415445532D503032303030303146,serialNumber=P0200001F,OU=SELLO ELECTRONICO,O=PRUEBAS,C=ES</subject>
        <tipusCertificat>ESFIRMA 2 Sello Ã“rgano Software</tipusCertificat>
        <usCertificat>digitalSignature | nonRepudiation | keyEncipherment</usCertificat>
        <validDesDe>2017-11-03T12:01:54+01:00</validDesDe>
        <validFins>2019-11-03T12:01:54+01:00</validFins>
    </informacioCertificat>
    <resultatValidacioCodi>0</resultatValidacioCodi>
    <resultatValidacioDescripcio>Validacion Satisfactoria</resultatValidacioDescripcio>
</resultatValidacio>
