<?xml version="1.0" encoding="UTF-8" standalone="yes"?>
<resultatValidacio>
    <informacioCertificat>
        <altresValors/>
        <certificatQualificat>true</certificatQualificat>
        <classificacio>5</classificacio>
        <classificacioEidas>ESIG</classificacioEidas>
        <creatAmbUnDispositiuSegur>true</creatAmbUnDispositiuSegur>
        <email></email>
        <emissorID>CN=AC Firmaprofesional - AAPP,serialNumber=A62634068,OU=Certificados Digitales para la Administracion Publica,O=Firmaprofesional SA,C=ES</emissorID>
        <emissorOrganitzacio>Firmaprofesional SA</emissorOrganitzacio>
        <entitatSubscriptoraNif></entitatSubscriptoraNif>
        <entitatSubscriptoraNom></entitatSubscriptoraNom>
        <llinatgesResponsable></llinatgesResponsable>
        <llocDeFeina></llocDeFeina>
        <nifResponsable></nifResponsable>
        <nomCompletResponsable></nomCompletResponsable>
        <nomResponsable></nomResponsable>
        <numeroIdentificacionPersonal></numeroIdentificacionPersonal>
        <numeroSerie>214173650201457795</numeroSerie>
        <organitzacio>NOMBRE DE LA ORGANIZACIÓN</organitzacio>
        <pais>ES</pais>
        <politica>1.3.6.1.4.1.13177.10.1.22.1,0.4.0.194112.1.2,2.16.724.1.3.5.7.1</politica>
        <politicaID>MITyC</politicaID>
        <politicaVersio>23</politicaVersio>
        <primerLlinatgeResponsable></primerLlinatgeResponsable>
        <segonLlinatgeResponsable></segonLlinatgeResponsable>
        <subject>CN=NOMBRE APELLIDO1 APELLIDO2 - DNI 12345678Z,serialNumber=IDCES-12345678Z,givenName=NOMBRE,SN=APELLIDO1 APELLIDO2 - DNI 12345678Z,T=CARGO,OU=CERTIFICADO ELECTRÓNICO DE EMPLEADO PÚBLICO,OU=DEPARTAMENTO,OU=11111111,O=NOMBRE DE LA ORGANIZACIÓN,C=ES</subject>
        <tipusCertificat>FP PF Empleado Público HW</tipusCertificat>
        <unitatOrganitzativa></unitatOrganitzativa>
        <usCertificat>nonRepudiation</usCertificat>
        <usCertificatExtensio></usCertificatExtensio>
        <validDesDe>2017-04-28T10:17:23+02:00</validDesDe>
        <validFins>2020-04-27T10:17:23+02:00</validFins>
    </informacioCertificat>
    <resultatValidacioCodi>0</resultatValidacioCodi>
    <resultatValidacioDescripcio>Validacion Satisfactoria</resultatValidacioDescripcio>
</resultatValidacio>
