<?xml version="1.0" encoding="UTF-8" standalone="yes"?>
<resultatValidacio>
    <informacioCertificat>
        <altresValors/>
        <certificatQualificat>true</certificatQualificat>
        <classificacio>11</classificacio>
        <classificacioEidas>ESIG</classificacioEidas>
        <creatAmbUnDispositiuSegur>true</creatAmbUnDispositiuSegur>
        <documentRepresentacio>Reg:XXX /Hoja:XXX /Tomo:XXX /Sección:XXX/Libro:XX X/Folio:XXX /Fecha: 19-01-2017 /Inscripción:XXX</documentRepresentacio>
        <emissorID>CN=AC Firmaprofesional - CUALIFICADOS,serialNumber=A62634068,OU=Certificados Cualificados,O=Firmaprofesional S.A.,C=ES</emissorID>
        <emissorOrganitzacio>Firmaprofesional S.A.</emissorOrganitzacio>
        <llinatgesResponsable>Apellido1 Apellido2</llinatgesResponsable>
        <nifResponsable>12345678Z</nifResponsable>
        <nomCompletResponsable>Nombre Apellido1 Apellido2</nomCompletResponsable>
        <nomResponsable>Nombre</nomResponsable>
        <numeroSerie>8673634790439152557</numeroSerie>
        <oiEuropeu>VATES-A99999999</oiEuropeu>
        <organitzacio>Organización</organitzacio>
        <pais>ES</pais>
        <politica>1.3.6.1.4.1.13177.10.1.12.3,0.4.0.194112.1.2,2.16.724.1.3.5.8</politica>
        <politicaID>MITyC</politicaID>
        <politicaVersio>23</politicaVersio>
        <primerLlinatgeResponsable>Apellido1</primerLlinatgeResponsable>
        <raoSocial>Organización</raoSocial>
        <segonLlinatgeResponsable>Apellido2</segonLlinatgeResponsable>
        <subject>description=Reg:XXX /Hoja:XXX /Tomo:XXX /Sección:XXX/Libro:XX X/Folio:XXX /Fecha: 19-01-2017 /Inscripción:XXX,CN=12345678Z Nombre Apellido1 (R:A99999999),serialNumber=12345678Z,givenName=Nombre,SN=Apellido1 Apellido2,2.5.4.97=#0C0F56415445532D413939393939393939,O=Organización,C=ES</subject>
        <tipusCertificat>FP PF Corporativo Representante Voluntario HSM</tipusCertificat>
        <unitatOrganitzativaNifCif>A99999999</unitatOrganitzativaNifCif>
        <usCertificat>digitalSignature | nonRepudiation | keyEncipherment</usCertificat>
        <usCertificatExtensio>KeyPurposeId 0:  TLS Web client authentication
KeyPurposeId 1:  E-mail protection</usCertificatExtensio>
        <validDesDe>2017-04-28T11:56:27+02:00</validDesDe>
        <validFins>2022-04-27T11:56:27+02:00</validFins>
    </informacioCertificat>
    <resultatValidacioCodi>3</resultatValidacioCodi>
    <resultatValidacioDescripcio>El certificado esta revocado</resultatValidacioDescripcio>
</resultatValidacio>
