<?xml version="1.0" encoding="UTF-8" standalone="yes"?>
<resultatValidacio>
    <informacioCertificat>
        <altresValors/>
        <certificatQualificat>true</certificatQualificat>
        <classificacio>0</classificacio>
        <classificacioEidas>ESIG</classificacioEidas>
        <creatAmbUnDispositiuSegur>false</creatAmbUnDispositiuSegur>
        <email>info@firmaprofesional.com</email>
        <emissorID>CN=AC Firmaprofesional - CUALIFICADOS,serialNumber=A62634068,OU=Certificados Cualificados,O=Firmaprofesional S.A.,C=ES</emissorID>
        <emissorOrganitzacio>Firmaprofesional S.A.</emissorOrganitzacio>
        <entitatSubscriptoraNif>A99999999</entitatSubscriptoraNif>
        <llinatgesResponsable>Apellido1 Apellido2</llinatgesResponsable>
        <nifResponsable>12345678Z</nifResponsable>
        <nomCompletResponsable>Nombre Apellido1 Apellido2</nomCompletResponsable>
        <nomResponsable>Nombre</nomResponsable>
        <numeroSerie>8081273103450250881</numeroSerie>
        <organitzacio>Organización</organitzacio>
        <pais>ES</pais>
        <politica>1.3.6.1.4.1.13177.10.1.2.2,0.4.0.194112.1.0</politica>
        <politicaID>MITyC</politicaID>
        <politicaVersio>23</politicaVersio>
        <primerLlinatgeResponsable>Apellido1</primerLlinatgeResponsable>
        <segonLlinatgeResponsable>Apellido2</segonLlinatgeResponsable>
        <subject>1.3.6.1.4.1.4710.1.3.2=#0C09413939393939393939,EMAIL=info@firmaprofesional.com,CN=Nombre Apellido1 Apellido2,serialNumber=12345678Z,givenName=Nombre,SN=Apellido1 Apellido2,T=Cargo,OU=Departamento,2.5.4.97=#0C0F56415445532D413939393939393939,O=Organización,ST=Barcelona,C=ES</subject>
        <tipusCertificat>FP PF Corporativo Vinculada SW</tipusCertificat>
        <unitatOrganitzativa>Departamento</unitatOrganitzativa>
        <usCertificat>digitalSignature | nonRepudiation | keyEncipherment</usCertificat>
        <usCertificatExtensio>KeyPurposeId 0:  TLS Web client authentication
KeyPurposeId 1:  E-mail protection</usCertificatExtensio>
        <validDesDe>2017-02-23T12:29:50+01:00</validDesDe>
        <validFins>2021-02-22T12:29:50+01:00</validFins>
    </informacioCertificat>
    <resultatValidacioCodi>0</resultatValidacioCodi>
    <resultatValidacioDescripcio>Validacion Satisfactoria</resultatValidacioDescripcio>
</resultatValidacio>
