<?xml version="1.0" encoding="UTF-8" standalone="yes"?>
<resultatValidacio>
    <informacioCertificat>
        <altresValors/>
        <certificatQualificat>true</certificatQualificat>
        <classificacio>-1</classificacio>
        <classificacioEidas>ESIG</classificacioEidas>
        <creatAmbUnDispositiuSegur>true</creatAmbUnDispositiuSegur>
    </informacioCertificat>
    <resultatValidacioCodi>0</resultatValidacioCodi>
    <resultatValidacioDescripcio>Validacion Satisfactoria</resultatValidacioDescripcio>
</resultatValidacio>
