<?xml version="1.0" encoding="UTF-8" standalone="yes"?>
<resultatValidacio>
    <informacioCertificat>
        <altresValors/>
        <certificatQualificat>true</certificatQualificat>
        <classificacio>0</classificacio>
        <classificacioEidas>ESIG</classificacioEidas>
        <email>demo@firmaprofesional.com</email>
        <emissorID>CN=AC Firmaprofesional - CUALIFICADOS,serialNumber=A62634068,OU=Certificados Cualificados,O=Firmaprofesional S.A.,C=ES</emissorID>
        <emissorOrganitzacio>Firmaprofesional S.A.</emissorOrganitzacio>
        <entitatSubscriptoraNif>A99999999</entitatSubscriptoraNif>
        <llinatgesResponsable>GARCÍA LÓPEZ</llinatgesResponsable>
        <nifResponsable>99999999R</nifResponsable>
        <nomCompletResponsable>JUAN GARCÍA LÓPEZ</nomCompletResponsable>
        <nomResponsable>JUAN</nomResponsable>
        <numeroSerie>733218036101982890</numeroSerie>
        <organitzacio>ACME S.A. / FP / 0000</organitzacio>
        <pais>ES</pais>
        <politica>1.3.6.1.4.1.13177.10.1.2.2</politica>
        <politicaID>MITyC</politicaID>
        <politicaVersio>23</politicaVersio>
        <primerLlinatgeResponsable>GARCÍA</primerLlinatgeResponsable>
        <segonLlinatgeResponsable>LÓPEZ</segonLlinatgeResponsable>
        <subject>1.3.6.1.4.1.4710.1.3.2=#0C09413939393939393939,EMAIL=demo@firmaprofesional.com,CN=JUAN GARCÍA LÓPEZ,serialNumber=99999999R,givenName=JUAN,SN=GARCÍA LÓPEZ,T=Consultor,OU=Contabilidad,O=ACME S.A. / FP / 0000,ST=BARCELONA,C=ES</subject>
        <tipusCertificat>FP PF Corporativo Vinculada SW</tipusCertificat>
        <unitatOrganitzativa>Contabilidad</unitatOrganitzativa>
        <usCertificat>digitalSignature | nonRepudiation | keyEncipherment | dataEncipherment | keyAgreement</usCertificat>
        <usCertificatExtensio>KeyPurposeId 0:  TLS Web client authentication
KeyPurposeId 1:  E-mail protection</usCertificatExtensio>
        <validDesDe>2017-07-21T09:15:00+02:00</validDesDe>
        <validFins>2021-07-21T09:15:00+02:00</validFins>
    </informacioCertificat>
    <resultatValidacioCodi>3</resultatValidacioCodi>
    <resultatValidacioDescripcio>El certificado esta revocado</resultatValidacioDescripcio>
</resultatValidacio>
