<?xml version="1.0" encoding="UTF-8" standalone="yes"?>
<resultatValidacio>
    <informacioCertificat>
        <altresValors/>
        <certificatQualificat>true</certificatQualificat>
        <classificacio>8</classificacio>
        <classificacioEidas>ESEAL</classificacioEidas>
        <creatAmbUnDispositiuSegur>true</creatAmbUnDispositiuSegur>
        <denominacioSistemaComponent>Proceso Sellado Test</denominacioSistemaComponent>
        <email>info@uanataca.com</email>
        <emissorID>2.5.4.97=#0C0F56415445532D413636373231343939,CN=UANATACA CA1 2016,OU=TSP-UANATACA,O=UANATACA S.A.,L=Barcelona (see current address at www.uanataca.com/address),C=ES</emissorID>
        <emissorOrganitzacio>UANATACA S.A.</emissorOrganitzacio>
        <entitatSubscriptoraNif>S2833002</entitatSubscriptoraNif>
        <entitatSubscriptoraNom>Test Organization</entitatSubscriptoraNom>
        <numeroSerie>8935061316182997333</numeroSerie>
        <organitzacio>Test Organization</organitzacio>
        <pais>ES</pais>
        <politica>0.4.0.194112.1.3,1.3.6.1.4.1.47286.1.9.6</politica>
        <politicaID>MITyC</politicaID>
        <politicaVersio>23</politicaVersio>
        <subject>2.5.4.97=#0C0E56415445532D5332383333303032,CN=Proceso Sellado Test,serialNumber=S2833002,OU=Test Organizational Unit,O=Test Organization,C=ES</subject>
        <tipusCertificat>UANATACA Sello QSCD centralizado</tipusCertificat>
        <usCertificat>digitalSignature | nonRepudiation | keyEncipherment</usCertificat>
        <usCertificatExtensio>KeyPurposeId 0:  TLS Web client authentication
KeyPurposeId 1:  E-mail protection</usCertificatExtensio>
        <validDesDe>2018-07-02T17:30:48+02:00</validDesDe>
        <validFins>2021-07-01T17:30:48+02:00</validFins>
    </informacioCertificat>
    <resultatValidacioCodi>0</resultatValidacioCodi>
    <resultatValidacioDescripcio>Validacion Satisfactoria</resultatValidacioDescripcio>
</resultatValidacio>
