<?xml version="1.0" encoding="UTF-8" standalone="yes"?>
<resultatValidacio>
    <informacioCertificat>
        <altresValors/>
        <certificatQualificat>true</certificatQualificat>
        <classificacio>9</classificacio>
        <classificacioEidas>WSA</classificacioEidas>
        <creatAmbUnDispositiuSegur>false</creatAmbUnDispositiuSegur>
        <emissorID>CN=EC-SectorPublic,OU=Serveis Públics de Certificació,O=CONSORCI ADMINISTRACIO OBERTA DE CATALUNYA,C=ES</emissorID>
        <emissorOrganitzacio>CONSORCI ADMINISTRACIO OBERTA DE CATALUNYA</emissorOrganitzacio>
        <entitatSubscriptoraNif>Q0000000J</entitatSubscriptoraNif>
        <entitatSubscriptoraNom>Organització de prova</entitatSubscriptoraNom>
        <nomDomini>webtest.aoc.cat</nomDomini>
        <numeroSerie>3368529208264910167</numeroSerie>
        <oiEuropeu>VATES-Q0000000J</oiEuropeu>
        <organitzacio>Organització de prova</organitzacio>
        <pais>ES</pais>
        <politica>1.3.6.1.4.1.15096.1.3.2.5.2,2.16.724.1.3.5.5.2,0.4.0.194112.1.4</politica>
        <politicaID>MITyC</politicaID>
        <politicaVersio>23</politicaVersio>
        <raoSocial>Organització de prova</raoSocial>
        <subject>1.3.6.1.4.1.311.60.2.1.3=#13024553,businessCategory=Government Entity,CN=webtest.aoc.cat,serialNumber=Q0000000J,OU=Certificat de seu electrònica nivell mig,OU=Nom de la seu de prova,2.5.4.97=#0C0F56415445532D51303030303030304A,O=Organització de prova,L=Barcelona,C=ES</subject>
        <tipusCertificat>CATCERT SECTORPUBLIC CDS-1_SENM</tipusCertificat>
        <unitatOrganitzativa> OrganizationUnit=Nom de la seu de prova OrganizationUnit=Certificat de seu electrònica nivell mig</unitatOrganitzativa>
        <usCertificat>digitalSignature | keyEncipherment</usCertificat>
        <usCertificatExtensio>KeyPurposeId 0:  TLS Web server authentication</usCertificatExtensio>
        <validDesDe>2019-03-29T13:12:30+01:00</validDesDe>
        <validFins>2017-03-29T14:12:30+02:00</validFins>
    </informacioCertificat>
    <resultatValidacioCodi>1</resultatValidacioCodi>
    <resultatValidacioDescripcio>El certificado no paso la validacion</resultatValidacioDescripcio>
</resultatValidacio>
