<?xml version="1.0" encoding="UTF-8" standalone="yes"?>
<resultatValidacio>
    <informacioCertificat>
        <altresValors/>
        <certificatQualificat>true</certificatQualificat>
        <classificacio>5</classificacio>
        <classificacioEidas>ESIG</classificacioEidas>
        <creatAmbUnDispositiuSegur>false</creatAmbUnDispositiuSegur>
        <email>scd@aoc.cat</email>
        <emissorID>CN=EC-SectorPublic,OU=Serveis Públics de Certificació,O=CONSORCI ADMINISTRACIO OBERTA DE CATALUNYA,C=ES</emissorID>
        <emissorOrganitzacio>CONSORCI ADMINISTRACIO OBERTA DE CATALUNYA</emissorOrganitzacio>
        <entitatSubscriptoraNif>Q0000000J</entitatSubscriptoraNif>
        <entitatSubscriptoraNom>Organització de prova</entitatSubscriptoraNom>
        <idEuropeu>VATES-Q0000000J</idEuropeu>
        <llinatgesResponsable>de la Peça de Prova</llinatgesResponsable>
        <llocDeFeina>Càrrec de prova</llocDeFeina>
        <nifResponsable>00000000T</nifResponsable>
        <nomCompletResponsable>Persona de la Peça de Prova</nomCompletResponsable>
        <nomResponsable>Persona</nomResponsable>
        <numeroSerie>1022188304493616413</numeroSerie>
        <oiEuropeu>VATES-Q0000000J</oiEuropeu>
        <organitzacio>Organització de prova</organitzacio>
        <pais>ES</pais>
        <politica>1.3.6.1.4.1.15096.1.3.2.7.3.1,2.16.724.1.3.5.7.2,0.4.0.194112.1.0</politica>
        <politicaID>MITyC</politicaID>
        <politicaVersio>23</politicaVersio>
        <primerLlinatgeResponsable>de la Peça</primerLlinatgeResponsable>
        <segonLlinatgeResponsable>de Prova</segonLlinatgeResponsable>
        <subject>CN=Persona de la Peça de Prova - DNI 00000000T (TCAT),serialNumber=IDCES-00000000T,givenName=Persona,SN=de la Peça de Prova - DNI 00000000T,T=Càrrec de prova,OU=Treballador públic de nivell mig,2.5.4.97=#0C0F56415445532D51303030303030304A,O=Organització de prova,C=ES</subject>
        <tipusCertificat>CATCERT SECTORPUBLIC CPISA-1</tipusCertificat>
        <unitatOrganitzativa>Treballador públic de nivell mig</unitatOrganitzativa>
        <usCertificat>digitalSignature | nonRepudiation | keyEncipherment</usCertificat>
        <usCertificatExtensio>KeyPurposeId 0:  TLS Web client authentication
KeyPurposeId 1:  E-mail protection</usCertificatExtensio>
        <validDesDe>2017-02-23T13:15:49+01:00</validDesDe>
        <validFins>2021-02-23T13:15:49+01:00</validFins>
    </informacioCertificat>
    <resultatValidacioCodi>0</resultatValidacioCodi>
    <resultatValidacioDescripcio>Validacion Satisfactoria</resultatValidacioDescripcio>
</resultatValidacio>
