<?xml version="1.0" encoding="UTF-8" standalone="yes"?>
<resultatValidacio>
    <informacioCertificat>
        <altresValors/>
        <certificatQualificat>true</certificatQualificat>
        <classificacio>0</classificacio>
        <classificacioEidas>ESIG</classificacioEidas>
        <creatAmbUnDispositiuSegur>true</creatAmbUnDispositiuSegur>
        <email>scd@aoc.cat</email>
        <emissorID>CN=EC-SectorPublic,OU=Serveis Públics de Certificació,O=CONSORCI ADMINISTRACIO OBERTA DE CATALUNYA,C=ES</emissorID>
        <emissorOrganitzacio>CONSORCI ADMINISTRACIO OBERTA DE CATALUNYA</emissorOrganitzacio>
        <idEuropeu>IDCES-00000000T</idEuropeu>
        <llinatgesResponsable>de la Peça de Prova</llinatgesResponsable>
        <nifResponsable>00000000T</nifResponsable>
        <nomCompletResponsable>Persona de la Peça de Prova</nomCompletResponsable>
        <nomResponsable>Persona</nomResponsable>
        <numeroSerie>5959127159257240145</numeroSerie>
        <organitzacio>Organització de prova</organitzacio>
        <pais>ES</pais>
        <politica>1.3.6.1.4.1.15096.1.3.2.82.1,0.4.0.194112.1.2</politica>
        <politicaID>MITyC</politicaID>
        <politicaVersio>23</politicaVersio>
        <subject>CN=Persona de la Peça de Prova - DNI 00000000T (TCAT),serialNumber=IDCES-00000000T,givenName=Persona,SN=de la Peça de Prova - DNI 00000000T,T=Càrrec de prova,OU=Persona vinculada de nivell alt,2.5.4.97=#0C0F56415445532D51303030303030304A,O=Organització de prova,C=ES</subject>
        <tipusCertificat>CATCERT SECTORPUBLIC CPISA-2_idCAT</tipusCertificat>
        <unitatOrganitzativa>Persona vinculada de nivell alt</unitatOrganitzativa>
        <usCertificat>digitalSignature | nonRepudiation | keyEncipherment</usCertificat>
        <usCertificatExtensio>KeyPurposeId 0:  TLS Web client authentication
KeyPurposeId 1:  E-mail protection
KeyPurposeId 2:  1.3.6.1.4.1.311.20.2.2</usCertificatExtensio>
        <validDesDe>2017-04-13T11:46:19+02:00</validDesDe>
        <validFins>2021-04-12T11:46:19+02:00</validFins>
    </informacioCertificat>
    <resultatValidacioCodi>3</resultatValidacioCodi>
    <resultatValidacioDescripcio>El certificado esta revocado</resultatValidacioDescripcio>
</resultatValidacio>
