<?xml version="1.0" encoding="UTF-8" standalone="yes"?>
<resultatValidacio>
    <informacioCertificat>
        <altresValors/>
        <certificatQualificat>false</certificatQualificat>
        <classificacio>7</classificacio>
        <classificacioEidas>ESIG</classificacioEidas>
        <emissorID>CN=EC-SectorPublic,OU=Serveis Públics de Certificació,O=CONSORCI ADMINISTRACIO OBERTA DE CATALUNYA,C=ES</emissorID>
        <emissorOrganitzacio>CONSORCI ADMINISTRACIO OBERTA DE CATALUNYA</emissorOrganitzacio>
        <entitatSubscriptoraNif>Q0000000J</entitatSubscriptoraNif>
        <entitatSubscriptoraNom>Organització de prova</entitatSubscriptoraNom>
        <llocDeFeina>Càrrec de prova</llocDeFeina>
        <numeroSerie>587716546509007743</numeroSerie>
        <organitzacio>Organització de prova</organitzacio>
        <pais>ES</pais>
        <politica>1.3.6.1.4.1.15096.1.3.2.4.1.2,2.16.724.1.3.5.4.1,0.4.0.2042.1.2</politica>
        <politicaID>MITyC</politicaID>
        <politicaVersio>23</politicaVersio>
        <pseudonim>NIP 111111111</pseudonim>
        <subject>pseudonym=NIP 111111111,CN=NIP 111111111 - Càrrec de prova (AUT),T=Càrrec de prova,OU=Treballador públic amb pseudònim de nivell alt d'autenticació,O=Organització de prova,C=ES</subject>
        <tipusCertificat>CATCERT SECTORPUBLIC CPPI-1</tipusCertificat>
        <unitatOrganitzativa>Treballador públic amb pseudònim de nivell alt d'autenticació</unitatOrganitzativa>
        <usCertificat>digitalSignature | keyEncipherment</usCertificat>
        <usCertificatExtensio>KeyPurposeId 0:  TLS Web client authentication
KeyPurposeId 1:  E-mail protection
KeyPurposeId 2:  1.3.6.1.4.1.311.20.2.2</usCertificatExtensio>
        <validDesDe>2017-05-26T10:36:55+02:00</validDesDe>
        <validFins>2021-05-25T10:36:55+02:00</validFins>
    </informacioCertificat>
    <resultatValidacioCodi>0</resultatValidacioCodi>
    <resultatValidacioDescripcio>Validacion Satisfactoria</resultatValidacioDescripcio>
</resultatValidacio>
