<?xml version="1.0" encoding="UTF-8" standalone="yes"?>
<resultatValidacio>
    <informacioCertificat>
        <altresValors/>
        <certificatQualificat>true</certificatQualificat>
        <classificacio>7</classificacio>
        <classificacioEidas>ESIG</classificacioEidas>
        <creatAmbUnDispositiuSegur>true</creatAmbUnDispositiuSegur>
        <emissorID>CN=EC-SectorPublic,OU=Serveis Públics de Certificació,O=CONSORCI ADMINISTRACIO OBERTA DE CATALUNYA,C=ES</emissorID>
        <emissorOrganitzacio>CONSORCI ADMINISTRACIO OBERTA DE CATALUNYA</emissorOrganitzacio>
        <entitatSubscriptoraNif>Q0000000J</entitatSubscriptoraNif>
        <entitatSubscriptoraNom>Organització de prova</entitatSubscriptoraNom>
        <llocDeFeina>Càrrec de prova</llocDeFeina>
        <numeroSerie>4990025997880416827</numeroSerie>
        <organitzacio>Organització de prova</organitzacio>
        <pais>ES</pais>
        <politica>1.3.6.1.4.1.15096.1.3.2.4.1.1,2.16.724.1.3.5.4.1,0.4.0.194112.1.2</politica>
        <politicaID>MITyC</politicaID>
        <politicaVersio>23</politicaVersio>
        <pseudonim>NIP 111111111</pseudonim>
        <raoSocial>Organització de prova</raoSocial>
        <subject>pseudonym=NIP 111111111,CN=NIP 111111111 - Càrrec de prova (SIG),T=Càrrec de prova,OU=Treballador públic amb pseudònim de nivell alt de signatura,O=Organització de prova,C=ES</subject>
        <tipusCertificat>CATCERT SECTORPUBLIC CPPSQ-1</tipusCertificat>
        <unitatOrganitzativa>Treballador públic amb pseudònim de nivell alt de signatura</unitatOrganitzativa>
        <usCertificat>nonRepudiation</usCertificat>
        <validDesDe>2017-04-13T11:46:45+02:00</validDesDe>
        <validFins>2021-04-12T11:46:45+02:00</validFins>
    </informacioCertificat>
    <resultatValidacioCodi>3</resultatValidacioCodi>
    <resultatValidacioDescripcio>El certificado esta revocado</resultatValidacioDescripcio>
</resultatValidacio>
